# FA Deposit
## Log 0
Address: 0x0000000000000000000000000000000000000000
Topics:
- 0x7ee7a1de9c18ce695c95b8b19fbdf26cce3544e3ca9e08c9f487776783d7599f
- 0x1260a8e6705d5b2c0ffcb2f6403873322b8c183a61e390190227eb54836726dd
Data: 0x0000000000000000000000006ce4d79d4e77402e1ef3417fdda433aa744c6e1c0000000000000000000000006ce4d79d4e77402e1ef3417fdda433aa744c6e1c000000000000000000000000000000000000000000000000000000000000002a00000000000000000000000000000000000000000000000000000000000000080000000000000000000000000000000000000000000000000000000000000002
# FAÂ Withdrawal
## Log 0
Address: 0xff00000000000000000000000000000000000002
Topics:
- 0xab68450c9e546f6062a861eebf8ec5bbd41b4425e26b20199c91227c7f9038ca
- 0x1260a8e6705d5b2c0ffcb2f6403873322b8c183a61e390190227eb54836726dd
Data: 0x0000000000000000000000006ce4d79d4e77402e1ef3417fdda433aa744c6e1c0000000000000000000000006ce4d79d4e77402e1ef3417fdda433aa744c6e1c00000000000000000000000000000000000000000000000000000000000000000180e5787d88921e91f5cfa294502fc82e8650f893000000000000000000000000000000000000000000000000000000000000000000000000000000000000280000000000000000000000000000000000000000000000000000000000000000
# FA Fast Withdrawal
## Log 0
Address: 0xff00000000000000000000000000000000000002
Topics:
- 0x477f545a1f30cd1fb89c51ee4fa67e3a56a1e37e3d742b84f6ce73ad6e33451f
- 0x1260a8e6705d5b2c0ffcb2f6403873322b8c183a61e390190227eb54836726dd
Data: 0x0000000000000000000000006ce4d79d4e77402e1ef3417fdda433aa744c6e1c0000000000000000000000006ce4d79d4e77402e1ef3417fdda433aa744c6e1c0000c55cf02dbeecc978d9c84625dcae72bb77ea4fbd000000000000000000000180e5787d88921e91f5cfa294502fc82e8650f893000000000000000000000000000000000000000000000000000000000000000000000000000000000000020000000000000000000000000000000000000000000000000000000000000001000000000000000000000000000000000000000000000000000000005e0be103000000000000000000000000000000000000000000000000000000000000010000000000000000000000000000000000000000000000000000000000000000200000000000000000000000000000000000000000000000000000000000000001
