{
  "log_filter": {
    "max_nb_blocks": 100,
    "max_nb_logs": 1000,
    "chunk_size": 1000
  },
  "sequencer": {
    "time_between_blocks": 5,
    "max_number_of_chunks": 128,
    "blueprints_publisher_config": {
      "max_blueprints_lag": 50,
      "max_blueprints_ahead": 100,
      "max_blueprints_catchup": 50,
      "catchup_cooldown": 1
    },
    "sunset_sec": 300
  },
  "keep_alive": false,
  "rollup_node_endpoint": "hidden",
  "verbose": "notice",
  "experimental_features": {
    "drop_duplicate_on_injection": true,
    "blueprints_publisher_order_enabled": true,
    "enable_send_raw_transaction": true,
    "overwrite_simulation_tick_limit": false,
    "rpc_server": "resto",
    "spawn_rpc": null,
    "l2_chains": null,
    "periodic_snapshot_path": null
  },
  "proxy": {
    "ignore_block_param": false
  },
  "gcp_kms": {
    "connection_pool_size": 4,
    "authentication_method": "metadata_server",
    "authentication_retries": 4,
    "authentication_frequency_min": 30,
    "authentication_retry_backoff_sec": 120,
    "authentication_timeout_sec": 5,
    "gcloud_path": "gcloud"
  },
  "fee_history": {
    "max_count": 1024
  },
  "kernel_execution": {
    "preimages": "hidden",
    "native_execution_policy": "rpcs_only"
  },
  "public_rpc": {
    "port": "hidden-for-regression-only",
    "addr": "127.0.0.1",
    "cors_origins": [],
    "cors_headers": [],
    "batch_limit": "unlimited",
    "restricted_rpcs": "unrestricted",
    "max_active_connections": "unlimited"
  },
  "finalized_view": false,
  "db": {
    "pool_size": 8
  },
  "opentelemetry": {
    "enable": false,
    "debug": false,
    "url_traces": "http://localhost:4318/v1/traces",
    "url_logs": "http://localhost:4318/v1/logs",
    "headers": [],
    "batch_traces": 400,
    "batch_logs": 400,
    "batch_timeout_ms": 500
  },
  "tx_pool": {
    "max_size": 1000,
    "max_transaction_batch_length": null,
    "max_lifespan": 4,
    "tx_per_addr_limit": "16"
  },
  "performance_profile": "default"
}
{
  "log_filter": {
    "max_nb_blocks": 100,
    "max_nb_logs": 1000,
    "chunk_size": 1000
  },
  "sequencer": {
    "time_between_blocks": 5,
    "max_number_of_chunks": 128,
    "blueprints_publisher_config": {
      "max_blueprints_lag": 50,
      "max_blueprints_ahead": 100,
      "max_blueprints_catchup": 50,
      "catchup_cooldown": 1
    },
    "sunset_sec": 0
  },
  "keep_alive": false,
  "rollup_node_endpoint": "hidden",
  "verbose": "notice",
  "experimental_features": {
    "drop_duplicate_on_injection": true,
    "blueprints_publisher_order_enabled": true,
    "enable_send_raw_transaction": true,
    "overwrite_simulation_tick_limit": false,
    "rpc_server": "resto",
    "spawn_rpc": null,
    "l2_chains": null,
    "periodic_snapshot_path": null
  },
  "proxy": {
    "ignore_block_param": false
  },
  "gcp_kms": {
    "connection_pool_size": 4,
    "authentication_method": "metadata_server",
    "authentication_retries": 4,
    "authentication_frequency_min": 30,
    "authentication_retry_backoff_sec": 120,
    "authentication_timeout_sec": 5,
    "gcloud_path": "gcloud"
  },
  "fee_history": {
    "max_count": 1024
  },
  "kernel_execution": {
    "preimages": "hidden",
    "native_execution_policy": "never"
  },
  "public_rpc": {
    "port": "hidden-for-regression-only",
    "addr": "127.0.0.1",
    "cors_origins": [],
    "cors_headers": [],
    "batch_limit": "unlimited",
    "restricted_rpcs": "unrestricted",
    "max_active_connections": "unlimited"
  },
  "finalized_view": false,
  "db": {
    "pool_size": 8
  },
  "opentelemetry": {
    "enable": false,
    "debug": false,
    "url_traces": "http://localhost:4318/v1/traces",
    "url_logs": "http://localhost:4318/v1/logs",
    "headers": [],
    "batch_traces": 400,
    "batch_logs": 400,
    "batch_timeout_ms": 500
  },
  "tx_pool": {
    "max_size": 1000,
    "max_transaction_batch_length": null,
    "max_lifespan": 4,
    "tx_per_addr_limit": "16"
  },
  "performance_profile": "default"
}
{
  "log_filter": {
    "max_nb_blocks": 100,
    "max_nb_logs": 1000,
    "chunk_size": 1000
  },
  "sequencer": {
    "time_between_blocks": 5,
    "max_number_of_chunks": 128,
    "blueprints_publisher_config": {
      "max_blueprints_lag": 50,
      "max_blueprints_ahead": 100,
      "max_blueprints_catchup": 50,
      "catchup_cooldown": 1
    },
    "sunset_sec": 300
  },
  "observer": {
    "evm_node_endpoint": "hidden",
    "rollup_node_tracking": true
  },
  "keep_alive": false,
  "rollup_node_endpoint": "hidden",
  "verbose": "notice",
  "experimental_features": {
    "drop_duplicate_on_injection": true,
    "blueprints_publisher_order_enabled": true,
    "enable_send_raw_transaction": true,
    "overwrite_simulation_tick_limit": false,
    "rpc_server": "resto",
    "spawn_rpc": null,
    "l2_chains": null,
    "periodic_snapshot_path": null
  },
  "proxy": {
    "evm_node_endpoint": "hidden",
    "ignore_block_param": false
  },
  "gcp_kms": {
    "connection_pool_size": 4,
    "authentication_method": "metadata_server",
    "authentication_retries": 4,
    "authentication_frequency_min": 30,
    "authentication_retry_backoff_sec": 120,
    "authentication_timeout_sec": 5,
    "gcloud_path": "gcloud"
  },
  "fee_history": {
    "max_count": 1024
  },
  "kernel_execution": {
    "preimages": "hidden",
    "native_execution_policy": "rpcs_only"
  },
  "public_rpc": {
    "port": "hidden-for-regression-only",
    "addr": "127.0.0.1",
    "cors_origins": [],
    "cors_headers": [],
    "batch_limit": "unlimited",
    "restricted_rpcs": "unrestricted",
    "max_active_connections": "unlimited"
  },
  "finalized_view": false,
  "db": {
    "pool_size": 8
  },
  "opentelemetry": {
    "enable": false,
    "debug": false,
    "url_traces": "http://localhost:4318/v1/traces",
    "url_logs": "http://localhost:4318/v1/logs",
    "headers": [],
    "batch_traces": 400,
    "batch_logs": 400,
    "batch_timeout_ms": 500
  },
  "tx_pool": {
    "max_size": 1000,
    "max_transaction_batch_length": null,
    "max_lifespan": 4,
    "tx_per_addr_limit": "16"
  },
  "performance_profile": "default"
}
