# Claimed deposit
## Log 0
Address: 0xff00000000000000000000000000000000000002
Topics:
- 0x7ee7a1de9c18ce695c95b8b19fbdf26cce3544e3ca9e08c9f487776783d7599f
- 0xbd72d6debb169f6b136953b7f28dc058ce72e2c4aa9de14a588a311b11693a33
Data: 0x000000000000000000000000d77420f73b4612a7a99dba8c2afd30a1886b0344000000000000000000000000d77420f73b4612a7a99dba8c2afd30a1886b0344000000000000000000000000000000000000000000000000000000000000003200000000000000000000000000000000000000000000000000000000000000070000000000000000000000000000000000000000000000000000000000000003
