{ "observer": { "evm_node_endpoint": "https://relay.ghostnet.etherlink.com" } }
