{ "observer": { "evm_node_endpoint": "https://relay.mainnet.etherlink.com" } }
