
./octez-client --protocol PtHyCPGM8ud7PZdFR5Cx1GYJ6KSnFwkD6FrCAykz5ogvjMurFxp --mode mockup --no-base-dir-warnings run script michelson_test_scripts/opcodes/concat_hello.tz on storage '{}' and input '{}' --level 1 --trace-stack
storage
  {}
emitted operations
  
big_map diff
  
trace
  - location: 9 (just consumed gas: 6.301)
    [ (Pair {} {}) ]
  - location: 9 (just consumed gas: 0.010)
    [ {} ]
  - location: 10 (just consumed gas: 0.060)
    [ {} ]
  - location: 16 (just consumed gas: 0.010)
    [ {}
      {} ]
  - location: 18 (just consumed gas: 0.010)
    [ (Pair {} {}) ]

