
./octez-client --protocol Ps3BVMUNQhj15D1VXdFnjP91y11jYShkZRJnBx3N7koz2dKRndB --mode mockup --no-base-dir-warnings run script michelson_test_scripts/opcodes/list_id.tz on storage '{""}' and input '{ "1" ; "2" ; "3" }' --level 1 --trace-stack
storage
  { "1" ; "2" ; "3" }
emitted operations
  
big_map diff
  
trace
  - location: 9 (just consumed gas: 4.418)
    [ (Pair { "1" ; "2" ; "3" } { "" }) ]
  - location: 9 (just consumed gas: 0.010)
    [ { "1" ; "2" ; "3" } ]
  - location: 10 (just consumed gas: 0.010)
    [ {}
      { "1" ; "2" ; "3" } ]
  - location: 12 (just consumed gas: 0.010)
    [ (Pair {} { "1" ; "2" ; "3" }) ]

