
./octez-client --protocol Ps3BVMUNQhj15D1VXdFnjP91y11jYShkZRJnBx3N7koz2dKRndB --mode mockup --no-base-dir-warnings run script michelson_test_scripts/opcodes/pair_id.tz on storage None and input '(Pair True True)' --level 1 --trace-stack
storage
  (Some (Pair True True))
emitted operations
  
big_map diff
  
trace
  - location: 12 (just consumed gas: 5.283)
    [ (Pair (Pair True True) None) ]
  - location: 12 (just consumed gas: 0.010)
    [ (Pair True True) ]
  - location: 13 (just consumed gas: 0.010)
    [ (Some (Pair True True)) ]
  - location: 14 (just consumed gas: 0.010)
    [ {}
      (Some (Pair True True)) ]
  - location: 16 (just consumed gas: 0.010)
    [ (Pair {} (Some (Pair True True))) ]

