
./octez-client --protocol Ps3BVMUNQhj15D1VXdFnjP91y11jYShkZRJnBx3N7koz2dKRndB --mode mockup --no-base-dir-warnings run script michelson_test_scripts/opcodes/map_size.tz on storage 111 and input '{ Elt "a" 1 ; Elt "b" 2 ; Elt "c" 3 }' --level 1 --trace-stack
storage
  3
emitted operations
  
big_map diff
  
trace
  - location: 9 (just consumed gas: 5.325)
    [ (Pair { Elt "a" 1 ; Elt "b" 2 ; Elt "c" 3 } 111) ]
  - location: 9 (just consumed gas: 0.010)
    [ { Elt "a" 1 ; Elt "b" 2 ; Elt "c" 3 } ]
  - location: 10 (just consumed gas: 0.010)
    [ 3 ]
  - location: 11 (just consumed gas: 0.010)
    [ {}
      3 ]
  - location: 13 (just consumed gas: 0.010)
    [ (Pair {} 3) ]

