
./octez-client --protocol PsD5wVTJc9Rg228rXbXbeoeEo8g3fgWH211U7V3qjUed11g5Gqk --mode mockup --no-base-dir-warnings run script michelson_test_scripts/opcodes/get_address_index_024.tz on storage None and input '"tz1Ke2h7sDdakHJQh8WX4Z372du1KChsksyU"' --level 1 --trace-stack
storage
  (Some 0)
emitted operations
  
big_map diff
  
trace
  - location: 8 (just consumed gas: 7.953)
    [ (Pair "tz1Ke2h7sDdakHJQh8WX4Z372du1KChsksyU" None) ]
  - location: 8 (just consumed gas: 0.010)
    [ "tz1Ke2h7sDdakHJQh8WX4Z372du1KChsksyU" ]
  - location: 9 (just consumed gas: 450.532)
    [ (Some 0) ]
  - location: 10 (just consumed gas: 0.010)
    [ {}
      (Some 0) ]
  - location: 12 (just consumed gas: 0.010)
    [ (Pair {} (Some 0)) ]

