
./octez-client --protocol PsD5wVTJc9Rg228rXbXbeoeEo8g3fgWH211U7V3qjUed11g5Gqk --mode mockup --no-base-dir-warnings run script michelson_test_scripts/opcodes/pair_id.tz on storage None and input '(Pair False True)' --level 1 --trace-stack
storage
  (Some (Pair False True))
emitted operations
  
big_map diff
  
trace
  - location: 12 (just consumed gas: 5.283)
    [ (Pair (Pair False True) None) ]
  - location: 12 (just consumed gas: 0.010)
    [ (Pair False True) ]
  - location: 13 (just consumed gas: 0.010)
    [ (Some (Pair False True)) ]
  - location: 14 (just consumed gas: 0.010)
    [ {}
      (Some (Pair False True)) ]
  - location: 16 (just consumed gas: 0.010)
    [ (Pair {} (Some (Pair False True))) ]

