
./octez-client --protocol PsU87LFiQKMFspfnufwsWQ4NSWwR3fH8M2xneJEyAj61M6NNLew --mode mockup --no-base-dir-warnings run script michelson_test_scripts/opcodes/get_address_index_024.tz on storage None and input '"tz1burnburnburnburnburnburnburjAYjjX"' --level 1 --trace-stack
storage
  None
emitted operations
  
big_map diff
  
trace
  - location: 8 (just consumed gas: 7.953)
    [ (Pair "tz1burnburnburnburnburnburnburjAYjjX" None) ]
  - location: 8 (just consumed gas: 0.010)
    [ "tz1burnburnburnburnburnburnburjAYjjX" ]
  - location: 9 (just consumed gas: 225.530)
    [ None ]
  - location: 10 (just consumed gas: 0.010)
    [ {}
      None ]
  - location: 12 (just consumed gas: 0.010)
    [ (Pair {} None) ]

