
./octez-client --protocol PsU87LFiQKMFspfnufwsWQ4NSWwR3fH8M2xneJEyAj61M6NNLew --mode mockup --no-base-dir-warnings run script michelson_test_scripts/opcodes/if.tz on storage None and input False --level 1 --trace-stack
storage
  (Some False)
emitted operations
  
big_map diff
  
trace
  - location: 8 (just consumed gas: 7.179)
    [ (Pair False None) ]
  - location: 8 (just consumed gas: 0.010)
    [ False ]
  - location: 9 (just consumed gas: 0.010)
    [  ]
  - location: 15 (just consumed gas: 0.010)
    [ False ]
  - location: 9 (just consumed gas: 0.025)
    [ False ]
  - location: 18 (just consumed gas: 0.010)
    [ (Some False) ]
  - location: 19 (just consumed gas: 0.010)
    [ {}
      (Some False) ]
  - location: 21 (just consumed gas: 0.010)
    [ (Pair {} (Some False)) ]

