
./octez-client --protocol PsU87LFiQKMFspfnufwsWQ4NSWwR3fH8M2xneJEyAj61M6NNLew --mode mockup --no-base-dir-warnings run script michelson_test_scripts/opcodes/cdr.tz on storage 0 and input '(Pair 34 17)' --level 1 --trace-stack
storage
  17
emitted operations
  
big_map diff
  
trace
  - location: 9 (just consumed gas: 4.615)
    [ (Pair (Pair 34 17) 0) ]
  - location: 9 (just consumed gas: 0.010)
    [ (Pair 34 17) ]
  - location: 10 (just consumed gas: 0.010)
    [ 17 ]
  - location: 11 (just consumed gas: 0.010)
    [ {}
      17 ]
  - location: 13 (just consumed gas: 0.010)
    [ (Pair {} 17) ]

