
./octez-client --protocol PsD5wVTJc9Rg228rXbXbeoeEo8g3fgWH211U7V3qjUed11g5Gqk --mode mockup --no-base-dir-warnings run script michelson_test_scripts/opcodes/list_size.tz on storage 111 and input '{}' --level 1 --trace-stack
storage
  0
emitted operations
  
big_map diff
  
trace
  - location: 8 (just consumed gas: 4.286)
    [ (Pair {} 111) ]
  - location: 8 (just consumed gas: 0.010)
    [ {} ]
  - location: 9 (just consumed gas: 0.010)
    [ 0 ]
  - location: 10 (just consumed gas: 0.010)
    [ {}
      0 ]
  - location: 12 (just consumed gas: 0.010)
    [ (Pair {} 0) ]

