transaction; mini_scenarios/check_signature, 347, 1460.653000
