
./octez-dal-node debug print store schemas
CREATE TABLE skip_list_cells (
  hash VARCHAR NOT NULL PRIMARY KEY,
  cell VARCHAR NOT NULL
);

CREATE TABLE "skip_list_slots" (
  published_level INTEGER NOT NULL,
  slot_index INTEGER NOT NULL,
  attestation_lag INTEGER NOT NULL,
  skip_list_cell_hash VARCHAR NOT NULL,
  PRIMARY KEY(published_level, slot_index)
)
