
./octez-client --wait none originate smart rollup rollup from bootstrap1 of kind riscv of type string with kernel kernel:src/riscv/assets/riscv-dummy.elf:3be75e2383b68ba09e834d80b1bcd4710649fdebce130bfeb784719821453249 --burn-cap 9999999
Node is bootstrapped.
Estimated gas: 1933.839 units (will add 100 for safety)
Estimated storage: 6552 bytes added (will add 20 for safety)
Operation successfully injected in the node.
Operation hash is '[OPERATION_HASH]'
NOT waiting for the operation to be included.
Use command
  octez-client wait for [OPERATION_HASH] to be included --confirmations 1 --branch [BLOCK_HASH]
and/or an external block explorer to make sure that it has been included.
This sequence of operations was run:
  Manager signed operations:
    From: [PUBLIC_KEY_HASH]
    Fee to the baker: ꜩ0.000545
    Expected counter: 1
    Gas limit: 2034
    Storage limit: 6572 bytes
    Balance updates:
      [PUBLIC_KEY_HASH] ... -ꜩ0.000545
      payload fees(the block proposer) ....... +ꜩ0.000545
    Smart rollup origination:
      Kind: riscv
      Parameter type: string
      Kernel Blake2B hash: 'd88099ee9b91fcad2e0d7d3c62346149f07634ad53772034ee5be4c3f9b7cae7'
      This smart rollup origination was successfully applied
      Consumed gas: 1933.806
      Storage size: 6552 bytes
      Address: [SMART_ROLLUP_HASH]
      Genesis commitment hash: [SC_ROLLUP_COMMITMENT_HASH]
      Balance updates:
        [PUBLIC_KEY_HASH] ... -ꜩ1.638
        storage fees ........................... +ꜩ1.638

Smart rollup [SMART_ROLLUP_HASH] memorized as "rollup"
