

{
  "opponent": "tz1gjaF81ZRRvdzjobyfVNsAeSC6PScjfQwN",
  "start_tick": "0",
  "end_tick": "1000000000000000",
  "dissection": [
    {
      "tick": "0"
    },
    {
      "tick": "50000000000000"
    },
    {
      "tick": "100000000000000"
    },
    {
      "tick": "150000000000000"
    },
    {
      "tick": "200000000000000"
    },
    {
      "tick": "250000000000000"
    },
    {
      "tick": "300000000000000"
    },
    {
      "tick": "350000000000000"
    },
    {
      "tick": "400000000000000"
    },
    {
      "tick": "450000000000000"
    },
    {
      "tick": "500000000000000"
    },
    {
      "tick": "550000000000000"
    },
    {
      "tick": "600000000000000"
    },
    {
      "tick": "650000000000000"
    },
    {
      "tick": "700000000000000"
    },
    {
      "tick": "750000000000000"
    },
    {
      "tick": "800000000000000"
    },
    {
      "tick": "850000000000000"
    },
    {
      "tick": "900000000000000"
    },
    {
      "tick": "950000000000000"
    },
    {
      "tick": "1000000000000000"
    }
  ]
}


{
  "opponent": "tz1gjaF81ZRRvdzjobyfVNsAeSC6PScjfQwN",
  "start_tick": "50000000000000",
  "end_tick": "51562500000000",
  "dissection": [
    {
      "tick": "50000000000000"
    },
    {
      "tick": "50048828125000"
    },
    {
      "tick": "50097656250000"
    },
    {
      "tick": "50146484375000"
    },
    {
      "tick": "50195312500000"
    },
    {
      "tick": "50244140625000"
    },
    {
      "tick": "50292968750000"
    },
    {
      "tick": "50341796875000"
    },
    {
      "tick": "50390625000000"
    },
    {
      "tick": "50439453125000"
    },
    {
      "tick": "50488281250000"
    },
    {
      "tick": "50537109375000"
    },
    {
      "tick": "50585937500000"
    },
    {
      "tick": "50634765625000"
    },
    {
      "tick": "50683593750000"
    },
    {
      "tick": "50732421875000"
    },
    {
      "tick": "50781250000000"
    },
    {
      "tick": "50830078125000"
    },
    {
      "tick": "50878906250000"
    },
    {
      "tick": "50927734375000"
    },
    {
      "tick": "50976562500000"
    },
    {
      "tick": "51025390625000"
    },
    {
      "tick": "51074218750000"
    },
    {
      "tick": "51123046875000"
    },
    {
      "tick": "51171875000000"
    },
    {
      "tick": "51220703125000"
    },
    {
      "tick": "51269531250000"
    },
    {
      "tick": "51318359375000"
    },
    {
      "tick": "51367187500000"
    },
    {
      "tick": "51416015625000"
    },
    {
      "tick": "51464843750000"
    },
    {
      "tick": "51513671875000"
    },
    {
      "tick": "51562500000000"
    }
  ]
}


{
  "opponent": "tz1gjaF81ZRRvdzjobyfVNsAeSC6PScjfQwN",
  "start_tick": "50000000000000",
  "end_tick": "50001525878906",
  "dissection": [
    {
      "tick": "50000000000000"
    },
    {
      "tick": "50000047683715"
    },
    {
      "tick": "50000095367430"
    },
    {
      "tick": "50000143051145"
    },
    {
      "tick": "50000190734860"
    },
    {
      "tick": "50000238418575"
    },
    {
      "tick": "50000286102290"
    },
    {
      "tick": "50000333786005"
    },
    {
      "tick": "50000381469720"
    },
    {
      "tick": "50000429153435"
    },
    {
      "tick": "50000476837150"
    },
    {
      "tick": "50000524520865"
    },
    {
      "tick": "50000572204580"
    },
    {
      "tick": "50000619888295"
    },
    {
      "tick": "50000667572010"
    },
    {
      "tick": "50000715255725"
    },
    {
      "tick": "50000762939440"
    },
    {
      "tick": "50000810623155"
    },
    {
      "tick": "50000858306870"
    },
    {
      "tick": "50000905990585"
    },
    {
      "tick": "50000953674300"
    },
    {
      "tick": "50001001358015"
    },
    {
      "tick": "50001049041730"
    },
    {
      "tick": "50001096725445"
    },
    {
      "tick": "50001144409160"
    },
    {
      "tick": "50001192092875"
    },
    {
      "tick": "50001239776590"
    },
    {
      "tick": "50001287460305"
    },
    {
      "tick": "50001335144020"
    },
    {
      "tick": "50001382827735"
    },
    {
      "tick": "50001430511450"
    },
    {
      "tick": "50001478195165"
    },
    {
      "tick": "50001525878906"
    }
  ]
}


{
  "opponent": "tz1gjaF81ZRRvdzjobyfVNsAeSC6PScjfQwN",
  "start_tick": "50000000000000",
  "end_tick": "50000001490116",
  "dissection": [
    {
      "tick": "50000000000000"
    },
    {
      "tick": "50000000046566"
    },
    {
      "tick": "50000000093132"
    },
    {
      "tick": "50000000139698"
    },
    {
      "tick": "50000000186264"
    },
    {
      "tick": "50000000232830"
    },
    {
      "tick": "50000000279396"
    },
    {
      "tick": "50000000325962"
    },
    {
      "tick": "50000000372528"
    },
    {
      "tick": "50000000419094"
    },
    {
      "tick": "50000000465660"
    },
    {
      "tick": "50000000512226"
    },
    {
      "tick": "50000000558792"
    },
    {
      "tick": "50000000605358"
    },
    {
      "tick": "50000000651924"
    },
    {
      "tick": "50000000698490"
    },
    {
      "tick": "50000000745056"
    },
    {
      "tick": "50000000791622"
    },
    {
      "tick": "50000000838188"
    },
    {
      "tick": "50000000884754"
    },
    {
      "tick": "50000000931320"
    },
    {
      "tick": "50000000977886"
    },
    {
      "tick": "50000001024452"
    },
    {
      "tick": "50000001071018"
    },
    {
      "tick": "50000001117584"
    },
    {
      "tick": "50000001164150"
    },
    {
      "tick": "50000001210716"
    },
    {
      "tick": "50000001257282"
    },
    {
      "tick": "50000001303848"
    },
    {
      "tick": "50000001350414"
    },
    {
      "tick": "50000001396980"
    },
    {
      "tick": "50000001443546"
    },
    {
      "tick": "50000001490116"
    }
  ]
}


{
  "opponent": "tz1gjaF81ZRRvdzjobyfVNsAeSC6PScjfQwN",
  "start_tick": "50000000000000",
  "end_tick": "50000000001455",
  "dissection": [
    {
      "tick": "50000000000000"
    },
    {
      "tick": "50000000000045"
    },
    {
      "tick": "50000000000090"
    },
    {
      "tick": "50000000000135"
    },
    {
      "tick": "50000000000180"
    },
    {
      "tick": "50000000000225"
    },
    {
      "tick": "50000000000270"
    },
    {
      "tick": "50000000000315"
    },
    {
      "tick": "50000000000360"
    },
    {
      "tick": "50000000000405"
    },
    {
      "tick": "50000000000450"
    },
    {
      "tick": "50000000000495"
    },
    {
      "tick": "50000000000540"
    },
    {
      "tick": "50000000000585"
    },
    {
      "tick": "50000000000630"
    },
    {
      "tick": "50000000000675"
    },
    {
      "tick": "50000000000720"
    },
    {
      "tick": "50000000000765"
    },
    {
      "tick": "50000000000810"
    },
    {
      "tick": "50000000000855"
    },
    {
      "tick": "50000000000900"
    },
    {
      "tick": "50000000000945"
    },
    {
      "tick": "50000000000990"
    },
    {
      "tick": "50000000001035"
    },
    {
      "tick": "50000000001080"
    },
    {
      "tick": "50000000001125"
    },
    {
      "tick": "50000000001170"
    },
    {
      "tick": "50000000001215"
    },
    {
      "tick": "50000000001260"
    },
    {
      "tick": "50000000001305"
    },
    {
      "tick": "50000000001350"
    },
    {
      "tick": "50000000001395"
    },
    {
      "tick": "50000000001455"
    }
  ]
}


{
  "opponent": "tz1gjaF81ZRRvdzjobyfVNsAeSC6PScjfQwN",
  "start_tick": "50000000000612",
  "end_tick": "50000000000613",
  "dissection": [
    {
      "tick": "50000000000612"
    },
    {
      "tick": "50000000000613"
    }
  ]
}
