
./octez-client --wait none originate smart rollup rollup from bootstrap1 of kind riscv of type bytes with kernel kernel:src/riscv/assets/riscv-dummy.elf:71f45fec5446163519a2e7712e202b8251946b6e488a3d28e698e4546f9513db --burn-cap 9999999
Node is bootstrapped.
Estimated gas: 1933.839 units (will add 100 for safety)
Estimated storage: 6552 bytes added (will add 20 for safety)
Operation successfully injected in the node.
Operation hash is '[OPERATION_HASH]'
NOT waiting for the operation to be included.
Use command
  octez-client wait for [OPERATION_HASH] to be included --confirmations 1 --branch [BLOCK_HASH]
and/or an external block explorer to make sure that it has been included.
This sequence of operations was run:
  Manager signed operations:
    From: [PUBLIC_KEY_HASH]
    Fee to the baker: ꜩ0.000545
    Expected counter: 1
    Gas limit: 2034
    Storage limit: 6572 bytes
    Balance updates:
      [PUBLIC_KEY_HASH] ... -ꜩ0.000545
      payload fees(the block proposer) ....... +ꜩ0.000545
    Smart rollup origination:
      Kind: riscv
      Parameter type: bytes
      Kernel Blake2B hash: '9ab3832948915992ea8d64c3890562ff2482c1bd35596a365bde320f2afd6d9c'
      This smart rollup origination was successfully applied
      Consumed gas: 1933.806
      Storage size: 6552 bytes
      Address: [SMART_ROLLUP_HASH]
      Genesis commitment hash: [SC_ROLLUP_COMMITMENT_HASH]
      Balance updates:
        [PUBLIC_KEY_HASH] ... -ꜩ1.638
        storage fees ........................... +ꜩ1.638

Smart rollup [SMART_ROLLUP_HASH] memorized as "rollup"
GET http://[HOST]:[PORT]/global/block/head/state_hash
200 OK
"[SC_ROLLUP_PVM_STATE_HASH]"

GET http://[HOST]:[PORT]/global/block/head/total_ticks
200 OK
"0"


./octez-client --wait none send smart rollup message '["1 6 + value"]' from bootstrap2
Node is bootstrapped.
Estimated gas: 170.597 units (will add 100 for safety)
Estimated storage: no bytes added
Operation successfully injected in the node.
Operation hash is '[OPERATION_HASH]'
NOT waiting for the operation to be included.
Use command
  octez-client wait for [OPERATION_HASH] to be included --confirmations 1 --branch [BLOCK_HASH]
and/or an external block explorer to make sure that it has been included.
This sequence of operations was run:
  Manager signed operations:
    From: [PUBLIC_KEY_HASH]
    Fee to the baker: ꜩ0.000271
    Expected counter: 1
    Gas limit: 271
    Storage limit: 0 bytes
    Balance updates:
      [PUBLIC_KEY_HASH] ... -ꜩ0.000271
      payload fees(the block proposer) ....... +ꜩ0.000271
    Smart rollup messages submission:
      This smart rollup messages submission was successfully applied
      Consumed gas: 170.530

[src/arch/riscv64/kernel/core_local.rs:38] CPU_ONLINE.load(Ordering::Relaxed) = 0
[0][WARN] Unable to read entropy! Fallback to a naive implementation!
Hello World

I am [SMART_ROLLUP_HASH]
RollupMetadata {
    raw_rollup_address: [
        174,
        213,
        131,
        158,
        41,
        83,
        44,
        214,
        58,
        156,
        183,
        243,
        176,
        183,
        9,
        72,
        129,
        10,
        98,
        139,
    ],
    origination_level: 2,
}
[09, 90, A8, 2F, DD, B2, 8D, E6, 07, 33, 28, 86, 5C, EF, 23, A4, D5, 2A, CC, 6C, D4, 17, D8, AB, 39, 66, 69, D6, 3C, 3B, A8, BD]
Signature is [133, 153, 89, 165, 225, 52, 223, 180, 255, 131, 0, 136, 151, 153, 173, 101, 89, 156, 116, 182, 204, 196, 243, 216, 218, 77, 17, 96, 8, 132, 254, 190, 220, 2, 63, 202, 122, 112, 169, 61, 119, 166, 30, 78, 142, 64, 30, 40, 210, 60, 25, 219, 193, 87, 197, 19, 194, 101, 0, 232, 241, 244, 56, 2]
Reveal metadata...

Reveal metadata succeeded, result: 
Rollup address: RollupMetadata { raw_rollup_address: [174, 213, 131, 158, 41, 83, 44, 214, 58, 156, 183, 243, 176, 183, 9, 72, 129, 10, 98, 139], origination_level: 2 }
Reveal preimage...

Preimage: "cafebabe"
Reveals Done

Internal(
    StartOfLevel,
)

Internal(InfoPerLevel)

External(
    [
        49,
        32,
        54,
        32,
        43,
        32,
        118,
        97,
        108,
        117,
        101,
    ],
)

Internal(
    EndOfLevel,
)

GET http://[HOST]:[PORT]/global/block/head/state_hash
200 OK
"[SC_ROLLUP_PVM_STATE_HASH]"

GET http://[HOST]:[PORT]/global/block/head/total_ticks
200 OK
"1041064"

GET http://[HOST]:[PORT]/global/block/head/state_hash
200 OK
"[SC_ROLLUP_PVM_STATE_HASH]"

GET http://[HOST]:[PORT]/global/block/head/total_ticks
200 OK
"1041064"


./octez-client --wait none send smart rollup message '["2 8 + value"]' from bootstrap2
Node is bootstrapped.
Estimated gas: 170.597 units (will add 100 for safety)
Estimated storage: no bytes added
Operation successfully injected in the node.
Operation hash is '[OPERATION_HASH]'
NOT waiting for the operation to be included.
Use command
  octez-client wait for [OPERATION_HASH] to be included --confirmations 1 --branch [BLOCK_HASH]
and/or an external block explorer to make sure that it has been included.
This sequence of operations was run:
  Manager signed operations:
    From: [PUBLIC_KEY_HASH]
    Fee to the baker: ꜩ0.000271
    Expected counter: 2
    Gas limit: 271
    Storage limit: 0 bytes
    Balance updates:
      [PUBLIC_KEY_HASH] ... -ꜩ0.000271
      payload fees(the block proposer) ....... +ꜩ0.000271
    Smart rollup messages submission:
      This smart rollup messages submission was successfully applied
      Consumed gas: 170.530

Internal(
    StartOfLevel,
)

Internal(InfoPerLevel)

External(
    [
        50,
        32,
        56,
        32,
        43,
        32,
        118,
        97,
        108,
        117,
        101,
    ],
)

Internal(
    EndOfLevel,
)

GET http://[HOST]:[PORT]/global/block/head/state_hash
200 OK
"[SC_ROLLUP_PVM_STATE_HASH]"

GET http://[HOST]:[PORT]/global/block/head/total_ticks
200 OK
"1071131"

GET http://[HOST]:[PORT]/global/block/head/state_hash
200 OK
"[SC_ROLLUP_PVM_STATE_HASH]"

GET http://[HOST]:[PORT]/global/block/head/total_ticks
200 OK
"1071131"


./octez-client --wait none send smart rollup message '["3 10 + value"]' from bootstrap2
Node is bootstrapped.
Estimated gas: 170.635 units (will add 100 for safety)
Estimated storage: no bytes added
Operation successfully injected in the node.
Operation hash is '[OPERATION_HASH]'
NOT waiting for the operation to be included.
Use command
  octez-client wait for [OPERATION_HASH] to be included --confirmations 1 --branch [BLOCK_HASH]
and/or an external block explorer to make sure that it has been included.
This sequence of operations was run:
  Manager signed operations:
    From: [PUBLIC_KEY_HASH]
    Fee to the baker: ꜩ0.000272
    Expected counter: 3
    Gas limit: 271
    Storage limit: 0 bytes
    Balance updates:
      [PUBLIC_KEY_HASH] ... -ꜩ0.000272
      payload fees(the block proposer) ....... +ꜩ0.000272
    Smart rollup messages submission:
      This smart rollup messages submission was successfully applied
      Consumed gas: 170.569

Internal(
    StartOfLevel,
)

Internal(InfoPerLevel)

External(
    [
        51,
        32,
        49,
        48,
        32,
        43,
        32,
        118,
        97,
        108,
        117,
        101,
    ],
)

Internal(
    EndOfLevel,
)

GET http://[HOST]:[PORT]/global/block/head/state_hash
200 OK
"[SC_ROLLUP_PVM_STATE_HASH]"

GET http://[HOST]:[PORT]/global/block/head/total_ticks
200 OK
"1102292"

GET http://[HOST]:[PORT]/global/block/head/state_hash
200 OK
"[SC_ROLLUP_PVM_STATE_HASH]"

GET http://[HOST]:[PORT]/global/block/head/total_ticks
200 OK
"1102292"


./octez-client --wait none send smart rollup message '["4 12 + value"]' from bootstrap2
Node is bootstrapped.
Estimated gas: 170.635 units (will add 100 for safety)
Estimated storage: no bytes added
Operation successfully injected in the node.
Operation hash is '[OPERATION_HASH]'
NOT waiting for the operation to be included.
Use command
  octez-client wait for [OPERATION_HASH] to be included --confirmations 1 --branch [BLOCK_HASH]
and/or an external block explorer to make sure that it has been included.
This sequence of operations was run:
  Manager signed operations:
    From: [PUBLIC_KEY_HASH]
    Fee to the baker: ꜩ0.000272
    Expected counter: 4
    Gas limit: 271
    Storage limit: 0 bytes
    Balance updates:
      [PUBLIC_KEY_HASH] ... -ꜩ0.000272
      payload fees(the block proposer) ....... +ꜩ0.000272
    Smart rollup messages submission:
      This smart rollup messages submission was successfully applied
      Consumed gas: 170.569

Internal(
    StartOfLevel,
)

Internal(InfoPerLevel)

External(
    [
        52,
        32,
        49,
        50,
        32,
        43,
        32,
        118,
        97,
        108,
        117,
        101,
    ],
)

Internal(
    EndOfLevel,
)

GET http://[HOST]:[PORT]/global/block/head/state_hash
200 OK
"[SC_ROLLUP_PVM_STATE_HASH]"

GET http://[HOST]:[PORT]/global/block/head/total_ticks
200 OK
"1133453"

GET http://[HOST]:[PORT]/global/block/head/state_hash
200 OK
"[SC_ROLLUP_PVM_STATE_HASH]"

GET http://[HOST]:[PORT]/global/block/head/total_ticks
200 OK
"1133453"


./octez-client --wait none send smart rollup message '["5 14 + value"]' from bootstrap2
Node is bootstrapped.
Estimated gas: 170.635 units (will add 100 for safety)
Estimated storage: no bytes added
Operation successfully injected in the node.
Operation hash is '[OPERATION_HASH]'
NOT waiting for the operation to be included.
Use command
  octez-client wait for [OPERATION_HASH] to be included --confirmations 1 --branch [BLOCK_HASH]
and/or an external block explorer to make sure that it has been included.
This sequence of operations was run:
  Manager signed operations:
    From: [PUBLIC_KEY_HASH]
    Fee to the baker: ꜩ0.000272
    Expected counter: 5
    Gas limit: 271
    Storage limit: 0 bytes
    Balance updates:
      [PUBLIC_KEY_HASH] ... -ꜩ0.000272
      payload fees(the block proposer) ....... +ꜩ0.000272
    Smart rollup messages submission:
      This smart rollup messages submission was successfully applied
      Consumed gas: 170.569

Internal(
    StartOfLevel,
)

Internal(InfoPerLevel)

External(
    [
        53,
        32,
        49,
        52,
        32,
        43,
        32,
        118,
        97,
        108,
        117,
        101,
    ],
)

Internal(
    EndOfLevel,
)

GET http://[HOST]:[PORT]/global/block/head/state_hash
200 OK
"[SC_ROLLUP_PVM_STATE_HASH]"

GET http://[HOST]:[PORT]/global/block/head/total_ticks
200 OK
"1164614"

GET http://[HOST]:[PORT]/global/block/head/state_hash
200 OK
"[SC_ROLLUP_PVM_STATE_HASH]"

GET http://[HOST]:[PORT]/global/block/head/total_ticks
200 OK
"1164614"


./octez-client --wait none send smart rollup message '["6 16 + value"]' from bootstrap2
Node is bootstrapped.
Estimated gas: 170.635 units (will add 100 for safety)
Estimated storage: no bytes added
Operation successfully injected in the node.
Operation hash is '[OPERATION_HASH]'
NOT waiting for the operation to be included.
Use command
  octez-client wait for [OPERATION_HASH] to be included --confirmations 1 --branch [BLOCK_HASH]
and/or an external block explorer to make sure that it has been included.
This sequence of operations was run:
  Manager signed operations:
    From: [PUBLIC_KEY_HASH]
    Fee to the baker: ꜩ0.000272
    Expected counter: 6
    Gas limit: 271
    Storage limit: 0 bytes
    Balance updates:
      [PUBLIC_KEY_HASH] ... -ꜩ0.000272
      payload fees(the block proposer) ....... +ꜩ0.000272
    Smart rollup messages submission:
      This smart rollup messages submission was successfully applied
      Consumed gas: 170.569

Internal(
    StartOfLevel,
)

Internal(InfoPerLevel)

External(
    [
        54,
        32,
        49,
        54,
        32,
        43,
        32,
        118,
        97,
        108,
        117,
        101,
    ],
)

Internal(
    EndOfLevel,
)

GET http://[HOST]:[PORT]/global/block/head/state_hash
200 OK
"[SC_ROLLUP_PVM_STATE_HASH]"

GET http://[HOST]:[PORT]/global/block/head/total_ticks
200 OK
"1195775"

GET http://[HOST]:[PORT]/global/block/head/state_hash
200 OK
"[SC_ROLLUP_PVM_STATE_HASH]"

GET http://[HOST]:[PORT]/global/block/head/total_ticks
200 OK
"1195775"


./octez-client --wait none send smart rollup message '["7 18 + value"]' from bootstrap2
Node is bootstrapped.
Estimated gas: 170.635 units (will add 100 for safety)
Estimated storage: no bytes added
Operation successfully injected in the node.
Operation hash is '[OPERATION_HASH]'
NOT waiting for the operation to be included.
Use command
  octez-client wait for [OPERATION_HASH] to be included --confirmations 1 --branch [BLOCK_HASH]
and/or an external block explorer to make sure that it has been included.
This sequence of operations was run:
  Manager signed operations:
    From: [PUBLIC_KEY_HASH]
    Fee to the baker: ꜩ0.000272
    Expected counter: 7
    Gas limit: 271
    Storage limit: 0 bytes
    Balance updates:
      [PUBLIC_KEY_HASH] ... -ꜩ0.000272
      payload fees(the block proposer) ....... +ꜩ0.000272
    Smart rollup messages submission:
      This smart rollup messages submission was successfully applied
      Consumed gas: 170.569

Internal(
    StartOfLevel,
)

Internal(InfoPerLevel)

External(
    [
        55,
        32,
        49,
        56,
        32,
        43,
        32,
        118,
        97,
        108,
        117,
        101,
    ],
)

Internal(
    EndOfLevel,
)

GET http://[HOST]:[PORT]/global/block/head/state_hash
200 OK
"[SC_ROLLUP_PVM_STATE_HASH]"

GET http://[HOST]:[PORT]/global/block/head/total_ticks
200 OK
"1226936"

GET http://[HOST]:[PORT]/global/block/head/state_hash
200 OK
"[SC_ROLLUP_PVM_STATE_HASH]"

GET http://[HOST]:[PORT]/global/block/head/total_ticks
200 OK
"1226936"


./octez-client --wait none send smart rollup message '["8 20 + value"]' from bootstrap2
Node is bootstrapped.
Estimated gas: 170.635 units (will add 100 for safety)
Estimated storage: no bytes added
Operation successfully injected in the node.
Operation hash is '[OPERATION_HASH]'
NOT waiting for the operation to be included.
Use command
  octez-client wait for [OPERATION_HASH] to be included --confirmations 1 --branch [BLOCK_HASH]
and/or an external block explorer to make sure that it has been included.
This sequence of operations was run:
  Manager signed operations:
    From: [PUBLIC_KEY_HASH]
    Fee to the baker: ꜩ0.000272
    Expected counter: 8
    Gas limit: 271
    Storage limit: 0 bytes
    Balance updates:
      [PUBLIC_KEY_HASH] ... -ꜩ0.000272
      payload fees(the block proposer) ....... +ꜩ0.000272
    Smart rollup messages submission:
      This smart rollup messages submission was successfully applied
      Consumed gas: 170.569

Internal(
    StartOfLevel,
)

Internal(InfoPerLevel)

External(
    [
        56,
        32,
        50,
        48,
        32,
        43,
        32,
        118,
        97,
        108,
        117,
        101,
    ],
)

Internal(
    EndOfLevel,
)

GET http://[HOST]:[PORT]/global/block/head/state_hash
200 OK
"[SC_ROLLUP_PVM_STATE_HASH]"

GET http://[HOST]:[PORT]/global/block/head/total_ticks
200 OK
"1258097"

GET http://[HOST]:[PORT]/global/block/head/state_hash
200 OK
"[SC_ROLLUP_PVM_STATE_HASH]"

GET http://[HOST]:[PORT]/global/block/head/total_ticks
200 OK
"1258097"


./octez-client --wait none send smart rollup message '["9 22 + value"]' from bootstrap2
Node is bootstrapped.
Estimated gas: 170.635 units (will add 100 for safety)
Estimated storage: no bytes added
Operation successfully injected in the node.
Operation hash is '[OPERATION_HASH]'
NOT waiting for the operation to be included.
Use command
  octez-client wait for [OPERATION_HASH] to be included --confirmations 1 --branch [BLOCK_HASH]
and/or an external block explorer to make sure that it has been included.
This sequence of operations was run:
  Manager signed operations:
    From: [PUBLIC_KEY_HASH]
    Fee to the baker: ꜩ0.000272
    Expected counter: 9
    Gas limit: 271
    Storage limit: 0 bytes
    Balance updates:
      [PUBLIC_KEY_HASH] ... -ꜩ0.000272
      payload fees(the block proposer) ....... +ꜩ0.000272
    Smart rollup messages submission:
      This smart rollup messages submission was successfully applied
      Consumed gas: 170.569

Internal(
    StartOfLevel,
)

Internal(InfoPerLevel)

External(
    [
        57,
        32,
        50,
        50,
        32,
        43,
        32,
        118,
        97,
        108,
        117,
        101,
    ],
)

Internal(
    EndOfLevel,
)

GET http://[HOST]:[PORT]/global/block/head/state_hash
200 OK
"[SC_ROLLUP_PVM_STATE_HASH]"

GET http://[HOST]:[PORT]/global/block/head/total_ticks
200 OK
"1289258"

GET http://[HOST]:[PORT]/global/block/head/state_hash
200 OK
"[SC_ROLLUP_PVM_STATE_HASH]"

GET http://[HOST]:[PORT]/global/block/head/total_ticks
200 OK
"1289258"


./octez-client --wait none send smart rollup message '["10 24 + value"]' from bootstrap2
Node is bootstrapped.
Estimated gas: 170.673 units (will add 100 for safety)
Estimated storage: no bytes added
Operation successfully injected in the node.
Operation hash is '[OPERATION_HASH]'
NOT waiting for the operation to be included.
Use command
  octez-client wait for [OPERATION_HASH] to be included --confirmations 1 --branch [BLOCK_HASH]
and/or an external block explorer to make sure that it has been included.
This sequence of operations was run:
  Manager signed operations:
    From: [PUBLIC_KEY_HASH]
    Fee to the baker: ꜩ0.000273
    Expected counter: 10
    Gas limit: 271
    Storage limit: 0 bytes
    Balance updates:
      [PUBLIC_KEY_HASH] ... -ꜩ0.000273
      payload fees(the block proposer) ....... +ꜩ0.000273
    Smart rollup messages submission:
      This smart rollup messages submission was successfully applied
      Consumed gas: 170.607

Internal(
    StartOfLevel,
)

Internal(InfoPerLevel)

External(
    [
        49,
        48,
        32,
        50,
        52,
        32,
        43,
        32,
        118,
        97,
        108,
        117,
        101,
    ],
)

Internal(
    EndOfLevel,
)

GET http://[HOST]:[PORT]/global/block/head/state_hash
200 OK
"[SC_ROLLUP_PVM_STATE_HASH]"

GET http://[HOST]:[PORT]/global/block/head/total_ticks
200 OK
"1321513"

