contract-implicit: 000002298c03ed7d454a101eb7022bc95f7e5f41ac78
contract-originated: 0138560805b4c8d7b7fbbafad5c59dbfa3878ca70500
