vote.ballot-nay: 01
vote.ballot-pass: 02
vote.ballot-yay: 00
