operation.unsigned-activate-account: 0e5751c026e543b2e8ab2eb06099daa1d1e5df47778f7787faab45cdf12fe3a804c55cf02dbeecc978d9c84625dcae72bb77ea4fbd41f98b15efc63fa893d61d7d6eee4a2ce9427ac4
operation.unsigned-attestation: 0e5751c026e543b2e8ab2eb06099daa1d1e5df47778f7787faab45cdf12fe3a815000000000533000000000000000000000000000000000000000000000000000000000000000000000000
operation.unsigned-ballot: 0e5751c026e543b2e8ab2eb06099daa1d1e5df47778f7787faab45cdf12fe3a8060002298c03ed7d454a101eb7022bc95f7e5f41ac78000002cf7663cf120f3dc8189d5dc7d4d7a0483bcc53f3f18e700f5a2f5076aa8b9dc55c00
operation.unsigned-delegation-withdrawal: 0e5751c026e543b2e8ab2eb06099daa1d1e5df47778f7787faab45cdf12fe3a86e0002298c03ed7d454a101eb7022bc95f7e5f41ac7821dc05edecc004adcacdb7d40100
operation.unsigned-delegation: 0e5751c026e543b2e8ab2eb06099daa1d1e5df47778f7787faab45cdf12fe3a86e0002298c03ed7d454a101eb7022bc95f7e5f41ac7821dc05edecc004adcacdb7d401ff0002298c03ed7d454a101eb7022bc95f7e5f41ac78
operation.unsigned-double-attestation-evidence: 0e5751c026e543b2e8ab2eb06099daa1d1e5df47778f7787faab45cdf12fe3a8020000008b0e5751c026e543b2e8ab2eb06099daa1d1e5df47778f7787faab45cdf12fe3a81500000000053300000000000000000000000000000000000000000000000000000000000000000000000066804fe735e06e97e26da8236b6341b91c625d5e82b3524ec0a88cc982365e70f8a5b9bc65df2ea6d21ee244cc3a96fb33031c394c78b1179ff1b8a44237740c0000008b0e5751c026e543b2e8ab2eb06099daa1d1e5df47778f7787faab45cdf12fe3a81500000000053300000000000000000000000000000000000000000000000000000000000000000000000066804fe735e06e97e26da8236b6341b91c625d5e82b3524ec0a88cc982365e70f8a5b9bc65df2ea6d21ee244cc3a96fb33031c394c78b1179ff1b8a44237740c
operation.unsigned-double-baking-evidence: 0e5751c026e543b2e8ab2eb06099daa1d1e5df47778f7787faab45cdf12fe3a803000000f100000533010e5751c026e543b2e8ab2eb06099daa1d1e5df47778f7787faab45cdf12fe3a8000000005e9dcbb00442e9bc4583d4f9fa6ba422733f45d3a44397141a953d2237bf8df62e5046eef700000011000000010100000008000000000000000a4c7319284b55068bb7c4e0b9f8585729db7fb27ab4ca9cff2038a1fc324f650c000000000000000000000000000000000000000000000000000000000000000000000000101895ca00000000000166804fe735e06e97e26da8236b6341b91c625d5e82b3524ec0a88cc982365e70f8a5b9bc65df2ea6d21ee244cc3a96fb33031c394c78b1179ff1b8a44237740c000000f100000533010e5751c026e543b2e8ab2eb06099daa1d1e5df47778f7787faab45cdf12fe3a8000000005e9dcbb00442e9bc4583d4f9fa6ba422733f45d3a44397141a953d2237bf8df62e5046eef700000011000000010100000008000000000000000a4c7319284b55068bb7c4e0b9f8585729db7fb27ab4ca9cff2038a1fc324f650c000000000000000000000000000000000000000000000000000000000000000000000000101895ca00000000000166804fe735e06e97e26da8236b6341b91c625d5e82b3524ec0a88cc982365e70f8a5b9bc65df2ea6d21ee244cc3a96fb33031c394c78b1179ff1b8a44237740c
operation.unsigned-double-preattestation-evidence: 0e5751c026e543b2e8ab2eb06099daa1d1e5df47778f7787faab45cdf12fe3a8070000008b0e5751c026e543b2e8ab2eb06099daa1d1e5df47778f7787faab45cdf12fe3a81400000000053300000000000000000000000000000000000000000000000000000000000000000000000066804fe735e06e97e26da8236b6341b91c625d5e82b3524ec0a88cc982365e70f8a5b9bc65df2ea6d21ee244cc3a96fb33031c394c78b1179ff1b8a44237740c0000008b0e5751c026e543b2e8ab2eb06099daa1d1e5df47778f7787faab45cdf12fe3a81400000000053300000000000000000000000000000000000000000000000000000000000000000000000066804fe735e06e97e26da8236b6341b91c625d5e82b3524ec0a88cc982365e70f8a5b9bc65df2ea6d21ee244cc3a96fb33031c394c78b1179ff1b8a44237740c
operation.unsigned-origination: 0e5751c026e543b2e8ab2eb06099daa1d1e5df47778f7787faab45cdf12fe3a86d0002298c03ed7d454a101eb7022bc95f7e5f41ac7821dc05edecc004adcacdb7d401af9105ff0002298c03ed7d454a101eb7022bc95f7e5f41ac7800000020020000001b050003680501056303680502020000000a03160346053d036d03420000000e0200000009010000000474657374
operation.unsigned-preaatestation: 0e5751c026e543b2e8ab2eb06099daa1d1e5df47778f7787faab45cdf12fe3a814000000000533000000000000000000000000000000000000000000000000000000000000000000000000
operation.unsigned-proposals: 0e5751c026e543b2e8ab2eb06099daa1d1e5df47778f7787faab45cdf12fe3a8050002298c03ed7d454a101eb7022bc95f7e5f41ac78000002cf000000407663cf120f3dc8189d5dc7d4d7a0483bcc53f3f18e700f5a2f5076aa8b9dc55c7663cf120f3dc8189d5dc7d4d7a0483bcc53f3f18e700f5a2f5076aa8b9dc55c
operation.unsigned-reveal: 0e5751c026e543b2e8ab2eb06099daa1d1e5df47778f7787faab45cdf12fe3a86b0002298c03ed7d454a101eb7022bc95f7e5f41ac7821dc05edecc004adcacdb7d401004798d2cc98473d7e250c898885718afd2e4efbcb1a1595ab9730761ed830de0f
operation.unsigned-seed-nonce-revelation: 0e5751c026e543b2e8ab2eb06099daa1d1e5df47778f7787faab45cdf12fe3a801000005330000000000000000000000000000000000000000000000000000000000000000
operation.unsigned-transaction-to-implicit: 0e5751c026e543b2e8ab2eb06099daa1d1e5df47778f7787faab45cdf12fe3a86c0002298c03ed7d454a101eb7022bc95f7e5f41ac7821dc05edecc004adcacdb7d4019703000002298c03ed7d454a101eb7022bc95f7e5f41ac7800
operation.unsigned-transaction-to-originated: 0e5751c026e543b2e8ab2eb06099daa1d1e5df47778f7787faab45cdf12fe3a86c0002298c03ed7d454a101eb7022bc95f7e5f41ac7821dc05edecc004adcacdb7d40197030138560805b4c8d7b7fbbafad5c59dbfa3878ca70500ffff06616374696f6e000000070200000002034f
