voting_period-positive: 00000000000011af72
voting_period-zero: 000000000000000000
