operation.internal-delegation-withdrawal: 000002298c03ed7d454a101eb7022bc95f7e5f41ac7800000300
operation.internal-delegation: 000002298c03ed7d454a101eb7022bc95f7e5f41ac78000003ff0002298c03ed7d454a101eb7022bc95f7e5f41ac78
operation.internal-origination: 000002298c03ed7d454a101eb7022bc95f7e5f41ac78000002af9105ff0002298c03ed7d454a101eb7022bc95f7e5f41ac7800000020020000001b050003680501056303680502020000000a03160346053d036d03420000000e0200000009010000000474657374
operation.internal-transaction-to-implicit: 000002298c03ed7d454a101eb7022bc95f7e5f41ac780003019703000002298c03ed7d454a101eb7022bc95f7e5f41ac7800
operation.internal-transaction-to-originated: 000002298c03ed7d454a101eb7022bc95f7e5f41ac7800000197030138560805b4c8d7b7fbbafad5c59dbfa3878ca70500ffff06616374696f6e000000070200000002034f
