raw_level-positive: 7fffffff
raw_level-zero: 00000000
