
./octez-codec encode 023-PtSEouLo.nonce from '"0000000000000000000000000000000000000000000000000000000000000000"'
0000000000000000000000000000000000000000000000000000000000000000

./octez-codec decode 023-PtSEouLo.nonce from 0000000000000000000000000000000000000000000000000000000000000000
"0000000000000000000000000000000000000000000000000000000000000000"
