applied: 0100006b82198cb179e8306c1bedd08f12dc863f3288860000c0843d01b752c7f3de31759bce246416a6823e86b9756c6c0000000000000000400000006b82198cb179e8306c1bedd08f12dc863f328886fffffffffff0bdc0000001b752c7f3de31759bce246416a6823e86b9756c6c0000000000000f4240000000000000000000a08d0600000000
backtracked: 0100006b82198cb179e8306c1bedd08f12dc863f3288860000c0843d01b752c7f3de31759bce246416a6823e86b9756c6c0000030000ff010000000568656c6c6f000000400000006b82198cb179e8306c1bedd08f12dc863f328886fffffffffff0bdc0000001b752c7f3de31759bce246416a6823e86b9756c6c0000000000000f4240000000000000000000a08d0600000000
