
./octez-codec encode 023-PtSEouLo.seed from '"0e5751c026e543b2e8ab2eb06099daa1d1e5df47778f7787faab45cdf12fe3a8"'
0e5751c026e543b2e8ab2eb06099daa1d1e5df47778f7787faab45cdf12fe3a8

./octez-codec decode 023-PtSEouLo.seed from 0e5751c026e543b2e8ab2eb06099daa1d1e5df47778f7787faab45cdf12fe3a8
"0e5751c026e543b2e8ab2eb06099daa1d1e5df47778f7787faab45cdf12fe3a8"
