
./octez-codec encode seoul.raw_level from 2147483647
7fffffff

./octez-codec decode seoul.raw_level from 7fffffff
2147483647

./octez-codec encode seoul.raw_level from 0
00000000

./octez-codec decode seoul.raw_level from 00000000
0
