
./octez-codec encode seoul.cycle from 2147483647
7fffffff

./octez-codec decode seoul.cycle from 7fffffff
2147483647

./octez-codec encode seoul.cycle from 0
00000000

./octez-codec decode seoul.cycle from 00000000
0
