
./octez-codec encode seoul.nonce from '"0000000000000000000000000000000000000000000000000000000000000000"'
0000000000000000000000000000000000000000000000000000000000000000

./octez-codec decode seoul.nonce from 0000000000000000000000000000000000000000000000000000000000000000
"0000000000000000000000000000000000000000000000000000000000000000"
