vote.listings: 0000003a0002298c03ed7d454a101eb7022bc95f7e5f41ac780000000000004e9300e7670f32038107a59a2b9cfefae36ea21f5aa63c0000000000002328
