big_map_diff-alloc: 0000000b000003000000000362036c
big_map_diff-copy: 000000080000020000000000
big_map_diff-remove: 00000003000001
big_map_diff-update: 0000002c00000000000025cffedbaf00cb581448a5683abdefe0d5cd4d4ba4923f1a489791810c3fec33250001ff034f
