failed: 00000002276c0002298c03ed7d454a101eb7022bc95f7e5f41ac78ff010100008080a8ec85afd1310000e7670f32038107a59a2b9cfefae36ea21f5aa63c000000000001000001e0000000ebeb000000026b696e64000a0000007065726d616e656e7400026964000e00000074657a6c696e6b5f6572726f7200026572726f725f6d65737361676500a90000005472616e736665722842616c616e6365546f6f4c6f772842616c616e6365546f6f4c6f77207b20636f6e74726163743a20496d706c69636974284564323535313928436f6e7472616374547a31486173682822747a314b715470455a37596f62375162504534487934576f38664847384c684b785a5378222929292c2062616c616e63653a204e6172697468283130292c20616d6f756e743a204e617269746828323129207d29290000000000eded000000026b696e64000a0000007065726d616e656e7400026964000e00000074657a6c696e6b5f6572726f7200026572726f725f6d65737361676500ab0000005472616e736665722842616c616e6365546f6f4c6f772842616c616e6365546f6f4c6f77207b20636f6e74726163743a20496d706c69636974284564323535313928436f6e7472616374547a31486173682822747a31676a614638315a525276647a6a6f627966564e7341655343365053636a6651774e222929292c2062616c616e63653a204e6172697468283535292c20616d6f756e743a204e6172697468283131313129207d2929000000000000f868f45f51a0c7a5733ab2c7f29781303904d9ef5b8fbf7b96429f00fe487c1d0f174c205b49c7393e5436b9522b88d3951113c32115e518465e029439874306
origination: 000000013a6d0002298c03ed7d454a101eb7022bc95f7e5f41ac78d70201a705c302c0843d000000001c02000000170500036805010368050202000000080316053d036d03420000000a010000000568656c6c6f0000002a00000002298c03ed7d454a101eb7022bc95f7e5f41ac78fffffffffffffea90002000000000000015700000000009400000002298c03ed7d454a101eb7022bc95f7e5f41ac78ffffffffffffd314000b0000000000002cec0000000002298c03ed7d454a101eb7022bc95f7e5f41ac78ffffffffffff0506000b000000000000fafa0000000002298c03ed7d454a101eb7022bc95f7e5f41ac78fffffffffff0bdc0000001f1a40a8574cf5dd73ddaa5c3a4eabad41e64ae0b0000000000000f4240000000001601f1a40a8574cf5dd73ddaa5c3a4eabad41e64ae0b00c3a9232e2e0000000000a443d5393c979c3685198d8fb754bfd9bd59c4c96423fc3928cfcf9742921c7b0490057599fa9367cc74d6bcb5c0004adcf69037e655779642e1b94586544a00
tez_transfer: 000000009a6c0002298c03ed7d454a101eb7022bc95f7e5f41ac78d40301f9100080bd83140000e7670f32038107a59a2b9cfefae36ea21f5aa63c00000000000000000000004000000002298c03ed7d454a101eb7022bc95f7e5f41ac78fffffffffd7f218000000000e7670f32038107a59a2b9cfefae36ea21f5aa63c000000000280de80000000000000000000a8b184010000000000000000000000000c5e6f3021d6effcc1b99d918a3db6dd4820893f076386fb9c85bf62f497870936898e970901e5f8b3e41a8eb0aa1a578811c110415c01719e6ed2dc6e96bb0a
