voting_period.kind-promotion-vote: 03
voting_period.kind-proposal: 00
voting_period.kind-testing-vote: 01
voting_period.kind-testing: 02
